// Vitest Snapshot v1, https://vitest.dev/guide/snapshot.html

exports[`ButtonsContainer > should render 1`] = `
<div>
  <div
    class="sc-dkrFOg kUnnGG"
  >
    <button
      class="sc-bcXHqe hXcyCH"
    >
      Уменьшить
    </button>
    <button
      class="sc-bcXHqe gInzaI"
    >
      Сбросить
    </button>
    <button
      class="sc-bcXHqe hVFLLR"
    >
      Увеличить
    </button>
  </div>
</div>
`;
